
> alpha-dentkart@0.0.0 build
> vite build

[36mvite v6.4.1 [32mbuilding for production...[36m[39m
transforming...
[32mÔ£ô[39m 89 modules transformed.
Ô£ù Build failed in 3.69s
error during build:
[vite:esbuild] Transform failed with 1 error:
D:/Cloud iDrive/Cloud-Drive_webellzinnovation@gmail.com/Ai studio/alpha-dentkart/components/HomepageTab.tsx:430:16: ERROR: Expected ")" but found "{"
file: D:/Cloud iDrive/Cloud-Drive_webellzinnovation@gmail.com/Ai studio/alpha-dentkart/components/HomepageTab.tsx:430:16

Expected ")" but found "{"
428|                  </div>
429|  
430|                  {/* Save Button for Brand Sections */}
   |                  ^
431|                  <div className="flex justify-end items-center gap-4 mt-8 pt-6 border-t border-gray-100">
432|                      {categoriesSaveStatus === 'success' && (

    at failureErrorWithLog (D:\Cloud iDrive\Cloud-Drive_webellzinnovation@gmail.com\Ai studio\alpha-dentkart\node_modules\vite\node_modules\esbuild\lib\main.js:1467:15)
    at D:\Cloud iDrive\Cloud-Drive_webellzinnovation@gmail.com\Ai studio\alpha-dentkart\node_modules\vite\node_modules\esbuild\lib\main.js:736:50
    at responseCallbacks.<computed> (D:\Cloud iDrive\Cloud-Drive_webellzinnovation@gmail.com\Ai studio\alpha-dentkart\node_modules\vite\node_modules\esbuild\lib\main.js:603:9)
    at handleIncomingPacket (D:\Cloud iDrive\Cloud-Drive_webellzinnovation@gmail.com\Ai studio\alpha-dentkart\node_modules\vite\node_modules\esbuild\lib\main.js:658:12)
    at Socket.readFromStdout (D:\Cloud iDrive\Cloud-Drive_webellzinnovation@gmail.com\Ai studio\alpha-dentkart\node_modules\vite\node_modules\esbuild\lib\main.js:581:7)
    at Socket.emit (node:events:519:28)
    at addChunk (node:internal/streams/readable:559:12)
    at readableAddChunkPushByteMode (node:internal/streams/readable:510:3)
    at Readable.push (node:internal/streams/readable:390:5)
    at Pipe.onStreamRead (node:internal/stream_base_commons:191:23)
